// Jest Snapshot v1, https://goo.gl/fbAQLP

exports[`parsing utils parses authors info 1`] = `
Array [
  Array [
    Object {
      "href": null,
      "name": "Lori Harrison-Kahan",
    },
  ],
]
`;

exports[`parsing utils parses publication dates 1`] = `
Array [
  "Sat Nov 02 2019 00:00:00 GMT-0500 (Central Daylight Time)",
]
`;
